// Jest Snapshot v1, https://goo.gl/fbAQLP

exports[`the count function displays the count 1`] = `[Function]`;
